dmacman_IMPORTS_start
I_sceSetSliceDMA
I_sceStartDMA
I_sceSetDMAPriority
I_sceEnableDMAChannel
dmacman_IMPORTS_end

intrman_IMPORTS_start
I_EnableIntr
I_GetIntrmanInternalData
I_CpuSuspendIntr
I_CpuResumeIntr
intrman_IMPORTS_end

loadcore_IMPORTS_start
I_GetLoadcoreInternalData
I_RegisterLibraryEntries
I_ReleaseLibraryEntries
loadcore_IMPORTS_end

#ifdef DEBUG
stdio_IMPORTS_start
I_printf
stdio_IMPORTS_end
#endif

sysclib_IMPORTS_start
I_strcmp
sysclib_IMPORTS_end

thbase_IMPORTS_start
I_SetAlarm
I_CancelAlarm
thbase_IMPORTS_end

thevent_IMPORTS_start
I_CreateEventFlag
I_DeleteEventFlag
I_iSetEventFlag
I_ClearEventFlag
I_WaitEventFlag
thevent_IMPORTS_end

thsemap_IMPORTS_start
I_CreateSema
I_WaitSema
I_SignalSema
I_DeleteSema
thsemap_IMPORTS_end